 2007-10-25 18:39:32.376167	L008	OFF
 2007-10-25 18:39:32.376167	L008	ON
 2007-10-25 18:39:32.376167	L001	OFF
 2007-10-25 18:39:39.005982	L004	OFF
 2007-10-25 18:39:39.214324	L011	OFF
 2007-10-25 18:39:40.939833	L008	OFF
 2007-10-25 18:39:41.086805	L008	ON
 2007-10-25 18:39:42.161477	L004	ON
 2007-10-25 18:39:42.789314	L011	ON
 2007-10-25 18:39:42.914294	L001	ON
 2007-10-25 18:39:44.057381	L011	OFF

